I'm sorry, but errors were detected in your script. Please correct the
errors listed below, and try again.


File "game/script.rpy", line 293: a non-constant keyword argument like 'at hlighttf' is not allowed after a python block.
    at hlighttf
               ^

Ren'Py Version: Ren'Py 8.1.0.23051307
Sat Oct 21 20:13:59 2023
